# --goals 150_125 100_175 125_140 (first 2 for `individual`, all 3 for `team`)
# MAX_NUM_STEP 1066 (for `individual`) 1600 (for `team`)
.........................................................................................................@@@@................@@@@@@@@..................................................................@@@@@@@@@@@@@@@@@@@@@@@@@@@@@@@@@@@@@@@@@@...............
.....................................................................................................@@@@@@@@..........................................................................................@@@@@@@@@@@@@@@@@@@@@@@@@@@@@@@@@@@@@@@@@................
.....................................................................................................@@@@@@@@.................................................................................@@.......@@@@@@@@@@@@@@@@@@@@@@@@@@@@@@@@@@@@@@@@@................
........................................................................................@@@@.........@@@@@@@@...............................................................................@@@@......@@@@@@@@@@@@@@@@@@@@@@@@@@@@@@@@@@@@@@@@@@@...............
.....................................................................................@@@@@@@..........@@@@@@@@@..............................................................................@@@..@@@@@@@@@@@@@@@@@@@@@@@@@@@@@@@@@@@@@@@@@@@@@@@...............
.....................................................................................@@@@@@@..........@@@@@@@@@.............................................................................@@@@@@@@@@@@@@@@@@@@@@@@@@@@@@@@@@@@@@@@@@@@@@@@@@@@@@..............
.....................................................................................@@@@@@@@.........@@@@@@@@@..................@@@......................................................@@@@@@@@@.....@@@@@@@@@@@@@@@@@@@@@@@@@@@@@@@@@@@@@@@@@@..............
......................................................................................@@@@@@@...........@@@@@@@@..............@@@@@@@.....................................................@@@@@@........@@@@@@@@@@@@@@@@@@@@@@@@@@@@@@@@@@@@@@@@@@..............
......................................................................................@@@@@@@...........@@@@@@@@..............@@@@@@@@@...................................................@@@@@@........@@@@@@@@@@@@@@@@@@@@@@@@@@@@@@@@@@@@@@@@@@..............
.....................................................................................@@@@@@@.............@@@@@@@..............@@@@@@@@@....................................................@@@@@@.......@@@@@@@@@@@@@@@@@@@@@@@@@@@@@@@@@@@@@@@@@@@.............
...............................@@@@.................................................@@@@@@@@.............@@@@@@@...............@@@@@@@@....................................................@@@@@@.......@@@@@@@@@@@@@@@@@@@@@@@@@@@@@@@@@@@@@@@@@@@.............
............................@@@@@@@.................................................@@@@@@@@.............@@@@@@@...............@@@@@@@@....................................................@@@@@@......@@@@@@@@@@@@@@@@@@@@@@@@@@@@@@@@@@@@@@@@@@@@.............
............................@@@@@@@@................................................@@@@@@@@@............@@@@@@@@...............@@@@@@@....................................................@@@.........@@@@@@@@@@@@@@@@@@@@@@@@@@@@@@@@@@@@@@@@@@@@.............
................@@@@........@@@@@@@@.................................................@@@@@@@@............@@@@@@@@................@@@@@@@..............................................................@@@@@@@@@@@@@@@@@@@@@@@@@@@@@@@@@@@@@@@@@@@@@@............
@............@@@@@@@.........@@@@@@@.................................................@@@@@@@@.............@@@@@@@................@@@@@@@..............................................................@@@@@@@@@@@@@@@@@@@@@@@@@@@@@@@@@@@@@@@@@@@@@@............
@............@@@@@@@.........@@@@@@@@@...............................................@@@@@@@@.............@@@@@@@................@@@@@@@@............................................................@@@@@@@@@@@@@@@@@@@@@@@@@@@@@@@@@@@@@@@@@@@@@@.............
@@...........@@@@@@@@........@@@@@@@@@...............................................@@@@@@@@.............@@@@@@@@...............@@@@@@@@............................................................@@@@@@@@@@@@@@@@@@@@@@@@@@@@@@@@@@@@@@@@@@@@@@.............
@@............@@@@@@@..........@@@@@@@...............................................@@@@@@@@.............@@@@@@@@................@@@@@@@............................................................@@@@@@@@@@@@@@@@@@@@@@@@@@@@@@@@@@@@@@@@@@@@@..............
@@............@@@@@@@..........@@@@@@@@...............................................@@@@@@@@.............@@@@@@@...............@@@@@@@@............................................................@@@@@@@@@@@@@@@@@@@@@@@@@@@@@@@@@@@@@@@@@@@@...............
@@@@.........@@@@@@@............@@@@@@@...............................................@@@@@@@@.............@@@@@@@...............@@@@@@@..............................................................@@@@@@@@@@@@@@@@@@@@@@@@@@@@@@@@@@@@@@@@@@................
@@@@........@@@@@@@@............@@@@@@@......................@@@@........@@@..........@@@@@@@@.............@@@@@@@...............@@@@@@@@.............................................................@@@@@@@@@@@@@@@@@@@@@@@@@@@@@@@@@@@@@@@@@@................
@@@@........@@@@@@@@............@@@@@@@.....................@@@@@@.@@@@@@@@@..........@@@@@@@@.............@@@@@@@@...............@@@@@@...............................................................@@@@@@@@@@@@@@@@@@@@@@@@@..@@@@@@@@@@@@@.................
@@@@@.......@@@@@@@@@...........@@@@@@@.....................@@@@@@@@@@@@@@@@@..........@@@@@@@.............@@@@@@@@...............@@@@@@@............................................................@@@@@@@@@@@@@@@..@@@@@@........@@@@@@@@....................
@@@@@........@@@@@@@@...........@@@@@@@....................@@@@@@@@@@@@@@@@@@..........@@@@@@@..............@@@@@@@...............@@@@@@@@...........................................................@@@@@@@@@@@@@@@..@@...........@@@@@........................
@@@@@........@@@@@@@@...........@@@@@@@@.............@@@@@@@@@@@@@@@@@@@@@@@@..........@@@@@@@@.............@@@@@@@...............@@@@@@@@@.........................................................@@@@@@@@@@@@@@@.................@@..........................
@@@@@........@@@@@@@@............@@@@@@@..........@@@@@@@@@@@@@@@@@@@@@@@@@@@..........@@@@@@@@.............@@@@@@@................@@@@@@@..........................................................@@@@@@@@@@@@................................................
@@@@@........@@@@@@@@............@@@@@@@..........@@@@@@@@@@@@@@@@@@@@@@@@@@@@.........@@@@@@@@.............@@@@@@@@...............@@@@@@@..........................................................@@@@@@@@....................................................
@@@@@@........@@@@@@@............@@@@@@@..........@@@@@@@@@@@@@@@@@@@@@@@@@@@@..........@@@@@@@.............@@@@@@@@................@@@@@@@.........................................................@@@@@@@.....................................................
@@@@@@........@@@@@@@@...........@@@@@@@..........@@@@@@@@@@@@@@@@@@@@@@@@@@............@@@@@@@..............@@@@@@@................@@@@@@@..........................................................@@@@@......................................................
@@@@@@........@@@@@@@@...........@@@@@@@@..........@@@@@@@@@@@@@@@@..@@.................@@@@@@@..............@@@@@@@...............@@@@@@@.............................................................@........................................................
@@@@@@........@@@@@@@@............@@@@@@@..........@@@@@@@@@@@..........................@@@@@@@@.............@@@@@@@...............@@@@@@@@.....................................................................................................................
@@@@@@........@@@@@@@@............@@@@@@@..........@@@@@@@@@............................@@@@@@@@.............@@@@@@@@..............@@@@@@@@.....................................................................................................................
@@@@@@@........@@@@@@@............@@@@@@@..........@@@...................................@@@@@@@.............@@@@@@@@...............@@@@@@@.....................................................................................................................
@@@@@@@........@@@@@@@............@@@@@@@................................................@@@@@@@..............@@@@@@@..............@@@@@@@@@....................................................................................................................
@@@@@@@........@@@@@@@@...........@@@@@@@................................................@@@@@@@@.............@@@@@@@..............@@@@@@@@.....................................................................................................................
@@@@@@@........@@@@@@@@...........@@@@@@@@..................................@@@..........@@@@@@@@.............@@@@@@@..............@@@@@@@@....................................................................................................................@
@@@@@@@........@@@@@@@@............@@@@@@@..............................@@@@@@@..........@@@@@@@@.............@@@@@@@...............@@@@@@................................................................................................................@@@@@@
@@@@@@@.........@@@@@@@............@@@@@@@..........................@@@@@@@@@@@@..........@@@@@@@.............@@@@@@@@..............@@@.....................@@@@.....................................................................................@@@@@@@@@@@
@@@@@@@@........@@@@@@@............@@@@........................@@@@@@@@@@@@@@@@@..........@@@@@@@@.............@@@@@@@.................................@..@@@@@@@@@...............................................................................@@@@@@@@@@@@@@
.@@@@@@@........@@@@@@@..................................@@@@@@@@@@@@@@@@@@@@@@@..........@@@@@@@@.............@@@@@@@..............................@@@@@@@@@@@@@@@...............................................................................@@@@@@@@@@@@@.
.@@@@@@@........@@@@@@@@.............................@@@@@@@@@@@@@@@@@@@@@@@@@@@..........@@@@@@@@.............@@@@@@@............................@@@@@@@@@@@@@@@@@...............................................................................@@@@@@@@......
.@@@@@@@.........@@@@@@@.............................@@@@@@@@@@@@@@@@@@@@@@@@@@@@.........@@@@@@@@.............@@@@@@@...........................@@@@@@@@@@@@@@@@@@@.......................................................................@@@....@@@...........
.@@@@@@@.........@@@@@@@.............................@@@@@@@@@@@@@@@@@@@@@@@@@@@@..........@@@@@@@@............@@@@@@@@......................@@@@@@@@@@@@@@@@@@@@@@@....................................................................@@@@@@..................
.@@@@@@@@........@@@@@@@..............................@@@@@@@@@@@@@@@@@@@@@@@@@@...........@@@@@@@@.............@@@@@@@......................@@@@@@@@@@@@@@@@@@@@@@@....................................................................@@@@@@..................
..@@@@@@@........@@@@@@@..............................@@@@@@@@@@@@@@@@@@@@@@@@@@@..........@@@@@@@@.............@@@@@@@....................@@@@@@@@@@@@@@@@@@@@@@@.......................................................................@@@@@..................
..@@@@@@@........@@@@@@@@.............................@@@@@@@@@@@@@@@@@@@@@@@@@@@..........@@@@@@@@...........@@@@@@@@.....................@@@@@@@@@@@@@@@@@.@@................................................................@@@.......@@@@@..................
..@@@@@@@........@@@@@@@@.............................@@@@@@@@@@@@@@@@@@@@@@@@@@@@.........@@@@@@@@@..........@@@@@@@@.................@@@.@@@@@@@@@@@.@@@................................................................@@@@@@@@.......@@@@@@.................
..@@@@@@@........@@@@@@@@..............................@@@@@@@@@@@@@@@@@@@@@@@@@@@..........@@@@@@@@@.........@@@@@@@@..............@@@@@@@.@@@@@@@@@................................................................@@@@@@@@@@@@@.......@@@@@@...............@@
..@@@@@@@@........@@@@@@@..................@@..........@@@@@@@@@@@@@@@.@@@@@@@@.............@@@@@@@@@.........@@@@@@@@@.............@@@@@@@@@@@@@@@..............................................................@@@@@@@@@@@@@@@@@@......@@@@@@...........@@@@@@
...@@@@@@@........@@@@@@@..............@@@@@@..........@@@@@@@@@@@.....@@@..................@@@@@@@@@..........@@@@@@@@..............@@@@@@@@@@@@...........................................................@@@@@@@@@@@@@@@@@@@@@@@.......@@@@@......@@@@@@@@@@@
...@@@@@@@........@@@@@@@@...........@@@@@@@@..........@@@@@@@@@@@............................@@@@@@@@.........@@@@@@................@@@@@@@@..........................................................@@@@@@@@@@@@@@@@@@@@@@@@@@@@.......@@@@@@@@@@@@@@@@@@@@@@
...@@@@@@@........@@@@@@@@...........@@@@@@@@@.........@@@@@@@@...............................@@@@@@@@.........@@.....................@@@@@@@@............................@@@......................@@@@@@@@@@@@@@@@@@@@@@@@@@@@@..........@@@@@@@@@@@@@@@@@@@@@@
...@@@@@@@........@@@@@@@@............@@@@@@@@.........@@@....................................@@@@@@@@...............................@@@@@@@@@.........................@@@@@@.................@@@@@@@@@@@@@@@@@@@@@@@@@@@@................@@@@@@@@@@@@@@@@@@@@@@
...@@@@@@@@........@@@@@@@............@@@@@@@@.................................................@@@@@@@...............................@@@@@@@...........................@@@@@@.............@@@@@@@@@@@@@@@@@@@@@@@@@@......................@@@@@@@@@@@@@@@@@@@...
....@@@@@@@........@@@@@@@............@@@@@@@@.................................................@@@@..................................@@@@@@@................@@@.........@@@@@@.........@@@@@@@@@@@@@@@@@@@@@@@.............................@@@@@@@@@@@@@........
....@@@@@@@........@@@@@@@@...........@@@@@@@@.......................................................................................@@@@@@..............@@@@@@.........@@@@@@.........@@@@@@@@@@@@@@@@@...................................@@@@@@@@.............
....@@@@@@@........@@@@@@@@............@@@@@@@.......................................................................................@@@@@@..............@@@@@@@........@@@@@@.........@@@@@@@@@@@@@.......................................@@@..................
....@@@@@@@.........@@@@@@@............@@@@@@@@......................................................................................@@@@@@..............@@@@@@@........@@@@@@..........@@@@@@@.................................................................
....@@@@@@@.........@@@@@@@............@@@@@@@@......................................................................................@@@@@@@..............@@@@@@.........@@@@@..........@@@.....................................................................
....@@@@@@@@........@@@@@@@.............@@@@@@@.......................................................................................@@@@@@..............@@@@@@.........@@@@@..................................................................................
.....@@@@@@@........@@@@@@@@..........@@@@@@@.........................................................................................@@@@@@..............@@@@@@@........@@@@@@.................................................................................
.....@@@@@@@........@@@@@@@@..........@@@@@@@...............................................................@@@@@@....................@@@@@@..............@@@@@@@........@@@@@@.................................................................................
.....@@@@@@@.........@@@@@@@@@........@@@@@@@@..........................................................@@@@@@@@@@.......@@@..........@@@@@@..............@@@@@@@........@@@@@@.................................................................................
.....@@@@@@@.........@@@@@@@@@.........@@@@@@@.....................................................@@@@@@@@@@@@@@@....@@@@@@..........@@@@@@@.............@@@@@@@.........@@@@@.................................................................................
.....@@@@@@@@........@@@@@@@@@.........@@@@@@@...............................................@@@@@@@@@@@@@@@@@@@......@@@@@@...........@@@@@@..............@@@@@@.........@@@@@.................................................................................
......@@@@@@@..........@@@@@@@@........@@@@..............................................@@@@@@@@@@@@@@@@@@@@@.........@@@@@@..........@@@@@@..............@@@@@@@........@@@@@......................................................................@@@@@......
......@@@@@@@..........@@@@@@@@....................................................@@@@@@@@@@@@@@@@@@@@@@@@@@@........@@@@@@@..........@@@@@@..............@@@@@@@........@@@@@@...............................................................@@@@@@@@@@@@@....
....@@@@@@@@............@@@@@@@...............................................@@@@@@@@@@@@@@@@.@@@@@...@@@@@@@@.......@@@@@@@..........@@@@@@@.............@@@@@@@........@@@@@@.........................................................@@@@@@@@@@@@@@@@@@@@...
....@@@@@@@@............@@@@.................................................@@@@@@@@@@@@@@@@..........@@@@@@@@.......@@@@@@@...........@@@@@@.............@@@@@@@........@@@@@@....................................................@@@@@@@@@@@@@@@@@@@@@@@@@@..
....@@@@@@@@...........................................................@@@...@@@@@@@@@..@@@@@...........@@@@@@@........@@@@@@...........@@@@@@.............@@@@@@@........@@@...................................................@@@@@@@@@@@@@@@@@@@@@@@@@@@@@@@@
.....@@@@@@@...........................................................@@@...@@@@@@@.................@@@@@@@@@@...@....@@@@@@@..........@@@@@@..............@@@@@@........................................................@@@@@@@@@@@@@@@@@@@@@@@@@@@@@@@@@@@@@@
.....@@@@@@@...........................................................@@@...@@@@@@@..............@@@@@@@@@@@@@@@@@...@@@@@@@@..........@@@@@@..............@@@@@@...................................................@@@@@@@@@@@@@@@@@@@@@@@@@@@@..@@@..@@@@@@@@
.....@@@@..............................................................@@@@...@@@@@@...@@.........@@@@@@@@@@@@@@@@@@..@@@@@@@@..........@@@@@@@.............@@@..................................................@@@@@@@@@@@@@@@@@@@@@@@@@@@..............@@@@@@
........................................................................@@@...@@@@@@..@@@.........@@@@@@@@@@@@@@@@@@@@@@@@@@@@...........@@@@@@.............................................................@@@@@@@@@@@@@@@@@@@@@@@@@@...................@@@@@@@
........................................................................@@@...@@@@@@@.@@@@........@@@@@@@@@@@@@@@@@@@@@@@@@@@@...........@@@@@@.........................................................@@@@@@@@@@@@@@@@@@@@@@@@@@.......................@@@@@@.
.......................................@@.............................@@@@@...@@@@@@@.@@@@.........@@@@@@@@@@@@@@@@@@@@@@@@@@@@..........@@@..........................................................@@@@@@@@@@@@@@@@@@@@@............................@@@@@@@@.
....................................@@@@@.....@@@@..................@@@@@@@@..@@@@@@@..@@@@@.......@@@@@@@@@@@@@@@@@@@@@@@@@@@@.......................................................................@@@@@@@@@@@@@@@@@...............................@@@@@@@@..
................................@@@@@@@@@..@@@@@@@..................@@@@@@@@...@@@@@@..@@@@@.......@@@@@@@@@@@@@@@@@@@@@@@@@@@@.........................................................@@@@@..........@@@@@@@@@@@...................................@@@@@@@@...
...........................@@@@@@@@@@@@@@..@@@@@@@...........@@@@@..@@@@@@@@...@@@@@@..@@@@@@......@@@@@@@@@@@@@@@@@@@@@@@@@@@@.....................................................@@@@@@@@@..........@@@@@@@........................................@@@@@@@...
......................@@@@@@@@@@@@@@@@@@@@.@@@@@@@......@@@@@@@@@@...@@@@@@@...@@@@@@..@@@@@@......@@@@@@@@@@@@@@@@@@@@@@@@@..................................................@@@@@@@@@@@@@@@........................................................@@@@@@@....
...................@@@@@@@@@@@@@@@@@@@@@@@..@@@@@@@.....@@@@@@@@@@@..@@@@@@@@..@@@@@@@..@@@@@@......@@@@@@@@@@@@@@@@@@@................................................@@@@@@@@@@@@@@@@@@@@@@@....................................................@@.@@@@@@.....
...................@@@@@@@@@@@@@@@@@@@@@@@..@@.@@@@.....@@@@@@@@@@@..@@@@@@@@...@@@@@@..@@@@@@......@@@@@@@@@@@@@@..................................................@@@@@@@@@@@@@@@@@@@@@@@@@@....................................................@@@@@@@@@.....
....................@@@@@@@@@@@@@@@@@@@@@@.....@@@@.....@@@@@@@@@@@..@@@@@@@@...@@@@@@..@@@@@@@@....@@@@..@@@.......................................................@@@@@@@@@@@@@@@@@@@@@@@@@@....................................................@@@@@@@@......
....................@@@@@@@@@@@@@@@@@@@@@@..............@@@@@@@@@@@..@@@@@@@@...@@......@@@@@@@@.........................................................@@@@@@......@@@@@@@@@@@@@@@@@@@@@@........................................................@@@@@@.......
....................@@@@@@@@@@@@@....@@@@@...............@@@@@@@@@@@..@@@@@@@@...........@@@@@@@@....................................................@@@@@@@@@@@....@@@@@@@@@@@@@@@@@.............................................................@@@@@@@.......
.....................@@@@@@..........@@@@@...............@@@@@@@@@@@..@@@@@@@@...........@@@@@@@@................................................@@@@@@@@@@@@@@@.@@@@@@@@@@@@@@@....................................@@...........................@@@@@@@........
.....................@@@@............@@@@@@..............@@@@@@@@.....@@@..@@@...........@@@@@@@@@.............................................@@@@@@@@@@@@@@@...@@@@@@@@@...........................@@@@.........@@@@@@@........................@@@@@@.........
.....................@@@@.............@@@@@..............@@@.............................@@@@@@@@@............................................@@@@@@@@@@@@@@@....@@@@@@@.......................@@@@@@@@@@@.......@@@@@@@@.......................@@@@@@@.........
.......@@..@@@@......@@@@@............@@@@@...............................................@@@@@..............................................@@@@@@@@@@@@@@@@.....@@@@@@.....................@@@@@@@@@@@@@..@@@@@@@@@@@@@@.....................@@@@@@@..........
.....@@@@@@@@@@@......@@@@............@@@@@...............................................@@...............................@@@...............@@@@@@@@@@@@@@@......@@@@@@@....................@@@@@@@@@@@@@@@@@@@@@@@@@@@@@...................@@@@@@@@...........
...@@@@@@@@@@@@@......@@@@............@@@@@@...@@@.....................................................................@@@@@@@...............@@@@@@@@@@@..........@@@@@@@.....................@@@@@@@@@@@@@@@@@@@@@@@@@@@@..................@@@@@@@@@...........
...@@@@@@@@@@@........@@@@............@@@@@@...@@@..................................................................@@@@@@@@@@................@@@@@@..............@@@@@@@....................@@@@@@@@@@@@@@@@@@@@@@@@@@......................@@@@@@@............
...@@@@@@@.......................@@@...@@@@@..@@@@@.................................................................@@@@@@@@@@@...............@@@@@@..............@@@@@@@..................@@@@@@@@@@@@@@@@@@@@@@@..........................@@@@@@@.............
...@@@.......@@@.............@@@@@@@@..@@@@@..@@@@@.....................................................@@@@........@@@@@@@@@@@...............@@@@@@@..............@@@@@@..................@@@@@@@@@@@....@@@..........@@@..................@@@@@@@.............
........@@@@@@@@.............@@@@@@@@..@@@@@..@@@@@@................................................@@@@@@@@.........@@@@@@@@@@@@@............@@@@@@@..............@@@@@@@..................@@@@@@................@@@@@@@@................@@@@@@@@..............
....@@@@@@@@@@@@...........@@@@@@@@@@..@@@@@@..@@@@@................................................@@@@@@@@..........@@@@@@@@@@@@............@@@@@@@..............@@@@@@@.................@@@@@@@...........@@@@@@@@@@@@@...............@@@@@@@@@..............
@@@@@@@@@@@@@@@@@..........@@@@@@@@@@@..@@@@@..@@@..................................................@@@@@@@@@.........@@.@@.@@@@@@@............@@@@@@..............@@@@@@@.................@@@@@@@@.......@@@@@@@@@@@@@@@@.............@@@@@@@@@@.............@@
@@@@@@@@@@...@@@@..........@@@@@@@@@@@..@@@@@........................................@@@@............@@@@@@@@...............@@@@@@@............@@@@@@..............@@@@@@@..................@@@@@@@.......@@@@@@@@@@@@@................@@@@@@@@@..............@@
@@@@.........@@@@...........@@@@@@@@@@..@@@.......................................@@@@@@@............@@@@@@@@................@@@@@@............@@@@@@@.............@@@@@@@..................@@@@@@@.......@@@@@@@@....................@@@@@@@@@@..............@@
@@............@@@...........@@@@@@@...............................................@@@@@@@..........@@@@@@@@..................@@@@@@............@@@@@@@..............@@@@@@@.................@@@@@@@.......@@@......................@@@@@@@@@@@@...............@@
@@............@@............@@@...................................................@@@@@@@@.......@@@@@@@....................@@@@@@@............@@@@@@@..............@@@@@@@.................@@@@@@@...............................@@@@@@@@@@@@................@@
@@@.@@............................................................@@@@.............@@@@@@@.......@@@@@@@....................@@@@@@@@............@@@@@@..............@@@@@@@..................@@@@@@@.............................@@@@@@@@@@@@@................@@
@@@@@@.........................................................@@@@@@@............@@@@@@@@........@@@@@@@...................@@@@@@@@............@@@@@@..............@@@@@@@..................@@@@@@@..........................@@@@@@@@@@@@@@@.................@@
@@@@@@@........................................................@@@@@@@............@@@@@@@@........@@@@@@@....................@@@@@@@............@@@@@@@.............@@@@@@@..................@@@@@@@........................@@@@@@@@@@@@@@@@....................
@@@@@@@........................................................@@@@@@@@...........@@@@@@@@.........@@@@@@....................@@@@@@@............@@@@@@@..............@@@@@@..................@@@@@@@..................@@@@@@@@@@@@@@@@@@@@......................
@@@@@@@...........................................@@@@@.........@@@@@@@............@@@@@@@@.......@@@@@@@....................@@@@@@@............@@@@@@@..............@@@@@@@.................@@@@@@@.............@@@@@@@@@@@@@@@@@@@@@@@........................
@@@@.........................................@@@@@@@@@@@........@@@@@@@............@@@@@@@@.......@@@@@@@....................@@@@@@@@...........@@@@@@@..............@@@@@@@..................@@@@@@@...@@@@@@@@@@@@@@@@@@@@@@@@@@@@@@..........................
...........................................@@@@@@@@@@@@@........@@@@@@@............@@@@@@@@.......@@@@@@@@...................@@@@@@@@............@@@@@@..............@@@@@@@..................@@@@@@@@@@@@@@@@@@@@@@@@@@@@@@@@@@@@@@............................
...........................................@@@@@@@@@@@..........@@@@@@@............@@@@@@@@........@@@@@@@....................@@@@@@@............@@@@@@...............@@@@@@..................@@@@@@@@@@@@@@@@@@@@@@@@@@@@@@@@@@................................
...........................................@@@@@@@@@@...........@@@@@@@@...........@@@@@@@@........@@@@@@@....................@@@@@@@............@@@@@@@..............@@@@@@..................@@@@@@@@@@@@@@@@@@@@@@@@@@@@......................................
....................@@@....................@@@@@@@@@@............@@@@@@@............@@@@@@@........@@@@@@@....................@@@@@@@............@@@@@@@..............@@@@@@@.................@@@@@@@@@@@@@@@@@@@@@@@...........................................
.................@@@@@@.....................@@@@@@@@@............@@@@@@@............@@@@@@@@.......@@@@@@@....................@@@@@@@@...........@@@@@@@..............@@@@@@@..................@@@@@@@@@@@@@@@@.................................................
...............@@@@@@@@@....................@@@@@@@@@@...........@@@@@@@............@@@@@@@@.......@@@@@@@@....................@@@@@@@............@@@@@@...............@@@@@@..................@@@@@@@@@@@@.................................................@@..
..........@@@@@@@@@@@@@@....................@@@@@@@@@@...........@@@@@@@............@@@@@@@@........@@@@@@@....................@@@@@@@............@@@@@@...............@@@@@@...................@@@@@@@...............................................@@@@@@@@@@
......@@@@@@@@@@@@@@@@@@....................@@@@@@@@.............@@@@@@@@...........@@@@@@@@........@@@@@@@....................@@@@@@@............@@@@@@@..............@@@@@@...................@@@................................................@@@@@@@@@@@@@
..@@@@@@@@@@@@@@@@@@@@@@....................@@@@@@................@@@@@@@............@@@@@@@........@@@@@@@....................@@@@@@@............@@@@@@@..@@@.........@@@@@@@.....................................................................@@@@@@@@@@@@@
@@@@@@@@@@@@@@@@@@@@@@@@@.@@@@@..............@@@@.................@@@@@@@............@@@@@@@@.......@@@@@@@@...................@@@@@@@@...........@@@@@@@@@@@@.........@@@@@@@......................................................................@@@@@@@@@@@@
@@@@@@@@@@@@@@@@@@@@.@@@@.@@@@@..............@@...................@@@@@@@............@@@@@@@@.......@@@@@@@@....................@@@@@@@............@@@@@@@@@@@.........@@@@@@@.....................................................................@@@@@@@@@@@@@
@@@@@@@@@@@@@@@@@@.@@@@...@@@@@@.......................@@@........@@@@@@@@...........@@@@@@@@........@@@@@@@....................@@@@@@@............@@@@@@@@@@@@........@@@.........................................................................@@@@@@@@@@@@@
@@@@@@@@@@@@@@.....@@@.....@@@@@@@..................@@@@@@........@@@@@@@@...........@@@@@@@@........@@@@@@@....................@@@@@@@............@@.@@@@@@@@@.........................................................@@@@.......................@@@@@@@@@@@@@
@@@@@@@@@@..........@@.....@@@@@@@..................@@@@@@@.......@@@@@@@@............@@@@@@@........@@@@@@@....................@@@@@@@...............@@@@@@@@@......................................................@@@@@@@@........................@@@@@@@@@..
@@@@@...............@@@.......@@@@..................@@@@@@@........@@@@@@@............@@@@@@@@.......@@@@@@@@...................@@@@@@@@...............@@@@@@................................................@@@@@...@@@@@@@@........................@@@........
....................@@@......@@@@@@.................@@@@@@@........@@@@@@@............@@@@@@@@.......@@@@@@@@....................@@@@@@@...............@@................................................@@@@@@@@@....@@@@@@@@..................................
....................@@@..@@@@@@@@@@.................@@@@@@@........@@@@@@@@...........@@@@@@@@........@@@@@@@....................@@@@@@@............................................................@@@@@@@@@@@@@@@...@@@@@@@@..................................
....................@@@@@@@@@@@@@@@..................@@@@@@@.......@@@@@@@@............@@@@@@@........@@@@@@@....................@@@@@@@..........................................................@@@@@@@@@@@@@@@@@....@@@@@@@@.................................
....................@@@@@@@@@@@@.....................@@@@@@@.......@@@@@@@@............@@@@@@@........@@@@@@@....................@@@@@@@.................................................@@@@@....@@@@@@@@@@@@@@@@@....@@@@@@@@.................................
.....................@@@@@@@@@.......................@@@@@@@........@@@@@@@............@@@@@@@@.......@@@@@@@@....................@@@@@@@...............................................@@@@@@....@@@@@@@@@@@@@@@@@@....@@@@@@.............@....................
....................@@@@@@@@@@.......................@@@@@@@........@@@@@@@............@@@@@@@@.......@@@@@@@@....................@@@@@@@......................................@@@@.....@@@@@@@....@@@@@@@@@@@@@@......@@@@@@@.............@@@..................
....................@@@@@@@@@@.......................@@@@@@@........@@@@@@@@...........@@@@@@@@........@@@@@@@....................@@@@@@@...................................@@@@@@@.....@@@@@@@....@@@@@@@@@...........@@@@@@.............@@@@@@................
....................@@@@@@@@@........................@@@@@@@@.......@@@@@@@@............@@@@@@@........@@@@@@@....................@@@@@@@.............................@@@@@@@@@@@@@@....@@@@@@@....@@@................@@@@@@@.............@@@@@@@@..............
......@@............@@@..............................@@@@@@@@.......@@@@@@@@............@@@@@@@........@@@@@@@@...................@@@@@@@........................@@@@@@@@@@@@@@@@@@@.....@@@@@@.......................@@@@@@.............@@@@@@@@...............
..@@@@@@....@@@@.....................................@@@@@@@@........@@@@@@@............@@@@@@@@.......@@@@@@@@....................@@@@@@@.......................@@@@@@@@@@@@@@@@@@@.....@@@@@@@.....................@@@@@@@.............@@@@@@@@...............
@@@@@@@@@...@@@@......................................@@@@@@@........@@@@@@@............@@@@@@@@.......@@@@@@@@....................@@@@@@@..............@@@......@@@@@@@@@@@@@@@@@@@.....@@@@@@@.....................@@@@@@.............@@@@@@@@................
@@@@@@@@@...@@@@......................................@@@@@@@........@@@@@@@@...........@@@@@@@@........@@@@@@@....................@@@@@@@...........@@@@@@......@@@@@@@@@@@@@@@@........@@@@@@.....................@@@@@@@.............@@@@@@@@................
@@@..@@@@....@@@......................................@@@@@@@........@@@@@@@@............@@@@@@@........@@@@@@@....................@@@@@@@...........@@@@@@.......@@@@@@@@@@..............@@@@@@....................@@@@@..............@@@@@@@@.................
......@@@....@@@@...................................@@@@@@@@@@.......@@@@@@@@............@@@@@@@........@@@@@@@@....................@@@@@@...........@@@@@@@......@@@@@...................@@@@@@...................@@@@@@..............@@@@@@@..................
.@@@.@@@@@...@@@@.............................@@@@@@@@@@@@@@@@........@@@@@@.............@@@@@@@........@@@@@@@@....................@@@@@@@...........@@@@@@......@@......................@@@@@@...................@@@@@..............@@@@@@@@..................
@@@@@@@@@@...@@@@.................@@@@.......@@@@@@@@@@@@@@@@@........@@@@@@.............@@@@@@@@.......@@@@@@@@....................@@@@@@@...........@@@@@@...............................@@@@@..................@@@@@@..............@@@@@@@...................
@@@@@@@@@@....@@@.................@@@@@@...@@@@@@@@@@@@@@@@@@@........@@@................@@@@@@@@........@@@@@@@....................@@@@@@@...........@@@@@@...............................@@@@@@.................@@@@@..............@@@@@@@@...................
@@@@@@@.......@@@................@@@@@@@@@@@@@@@@@@@@@@@@@@@@@@...........................@@@@@@@........@@@@@@@.....................@@@@@@...........@@@@@@...............................@@@@@@................@@@@@@.............@@@@@@@@....................
@@............................@@@@@@@@@@@@@@@@@@@@@@@@@@@@@@@@@...........................@@@@@@@........@@@@@@@@....................@@@@@@...........@@@@@@@..............................@@@@@@................@@@@@..............@@@@@@@@....................
.................@@@@@@@..@@@@@@@@@@@@@@@@@@@@@@@@@@@@@@@@@@@@............................@@@@@@@........@@@@@@@@....................@@@@@@@...........@@@@@@..............................@@@@@@...............@@@@@@.............@@@@@@@@.....................
................@@@@@@@@@@@@@@@@@@@@@@@@@@@@@@@@@@@@@@@....................................@@@@@@@........@@@@@@@....................@@@@@@@...........@@@@@@..............................@@@@@@@..............@@@@@..............@@@@@@@......................
.............@@@@@@@@@@@@@@@@@@@@@@@@@@@@@@@@@@@@@@........................................@@@@@@@........@@@@@@@@...................@@@@@@@...........@@@@@@@.....................@@@......@@@@@@.............@@@@@@.............@@@@@@@@......................
...........@@@@@@@@@@@@@@@@@@@@@@@@@@@@@@@@@@@@@............................................@@@@@@........@@@@@@@@....................@@@@@@............@@@@@@..................@@@@@@......@@@@@@.............@@@@@.............@@@@@@@@.......................
....@@..@@@@@@@@@@@@@@@@@@@@@@@@@@@@@@@@@...................................................@@@...........@@@@@@@@....................@@@@@@............@@@@@.............@@@@@@@@@@@@@.....@@@@@@............@@@@@@.............@@@@@@@@.......................
@@@@@@@@@@@@@@@@@@@@@@@@@@@@@@@@@@@.@@@...................................................................@@@@@@@@....................@@@@@@@...........@@@@@@......@@@@@@@@@@@@@@@@@@@.....@@@@@@@..........@@@@@@.............@@@@@@@@........................
@@@@@@@@@@@@@@@@@@@@@@@@@@@@@@@............................................................................@@@@@@@....................@@@@@@@...........@@@@@@@.....@@@@@@@@@@@@@@@@@@@.....@@@@@@@..........@@@@@@.............@@@@@@@@........................
@@@@@@@@@@@@@@@@@@@@@@@@@@@................................................................................@@@@@@@@...................@@@@@@@...........@@@@@@@.....@@@@@@@@@@@@@@@@@@@.....@@@@@@@.........@@@@@@@............@@@@@@@@.........................
@@@@@@@@@@@@@@@@@@@@@......................................................................................@@@@@@@@....................@@@@@@............@@@@@@......@@@@@@@@@@@@@@@.........@@@@@@.........@@@@@@.............@@@@@@@@.........................
@@@@@@@@@@@@@@.............................................................................................@@@@@@@@....................@@@@@@............@@@@@@......@@@@@@@@@@@.............@@@@@@@.......@@@@@@@............@@@@@@@@......................@@@@
@@@@@@@@@..@@..............................................................................................@@@@@@@@....................@@@@@@@...........@@@@@@......@@@@@@@.................@@@@@@@.........@@@@.............@@@@@@@@...................@@@@@@@
@@@@@.......................................................................................................@@@@@@@....................@@@@@@@...........@@@@@@@.....@@@.....................@@@@..............@@............@@@@@@@@..................@@@@@@@@@
@...........................................................................................................@@@@@@@@...................@@@@@@@............@@@@@@.........................................@...................@@@@@@@..............@@@@@@@@@@@@@@
............................................................................................................@@@@@@@@....................@@@@@@............@@@@@@........................................@@@@................@@@@@@@@.........@@@@@@@@@@@@@@@@@@@
.................................@@@@.......................................................................@@@@@@@@....................@@@@@@............@@@@@@........................................@@@@@@...............@@@@@@@@..@@@@@@@@@@@@@@@@@@@@@@@@@
............................@@@@@@@@@.......................................................................@@@@@@@@....................@@@@@@............@@@@@@.......................................@@@@@@@@..............@@@@@@@@@@@@@@@@@@@@@@@@@@@@@@@@@@@
........................@@@@@@@@@@@@@........................................................................@@@@@@@....................@@@@@@@...........@@@@@@...................................@@..@@@@@@@................@@@@@@@@@@@@@@@@@@@@@@@@@@@@@@@@@@
....................@@@@@@@@@@@@@@@@@@.......................................................................@@@@@@@@...................@@@@@@@...........@@@@@@...................................@@@@@@@@@@@................@@@@@@@@@@@@@@@@@@@@@@@@@@@@@@....
................@@@@@@@@@@@@@@@@@@@@@@.......................................................................@@@@@@@@....................@@@@@@............@@@@@..................................@@@@@@@@@@@.................@@@@@@@@@@@@@@@@@@@@@@@@@@........
.........@@@@@@@@@@@@@@@@@@@@@@@@@@@@@.......................................................................@@@@@@@@....................@@@@@@............@@@@@@...................................@@@@@@@@@..................@@@@@@@@@@@@@@@@@@@@@............
.....@@@@@@@@@@@@@@@@@@@@@@@@@@@@@@@@@.......................................................................@@@@@@@@....................@@@@@@............@@@@@@....................................@@@@@@@.....................@@@@@@@@@@@@@@.................
@@@@@@@@@@@@@@@@@@@@@@@@@@@@@@@@@@@@@@........................................................................@@@@@@@....................@@@@@@@..........@@@@@@@...................................@@@@@@@@.....................@@@@@@@@@......................
@@@@@@@@@@@@@@@@@@@@@@@@@@@@@@@@@@@@@@@.......................................................................@@@@@@@....................@@@@@@@..........@@@@@@@..............................@@.@@@@@@@@@.......................@@@...........................
@@@@@@@@@@@@@@@@@@@@@@@@@@@@@@@@@@@@@@@.......................................................................@@@@@@@@....................@@@@@@...........@@@@@@.........................@@@@@@@@@@@@@@@@@.....................................................
@@@@@@@@@@@@@@@@@@@@@@@@@@@@@@@@@@@@@@@.......................................................................@@@@@@@@....................@@@@@@...........@@@@@@.................@@@.@@@@@@@@@@@@@@@@@@@@......................................................
@@@@@@@@@@@@@@@@@@@@@@@@@@@@@@@@@@@@@@@.......................................................................@@@@@@@@....................@@@@@@...........@@@@@@@............@@@@@@@@@@@@@@@@@@@@@@@@@@@@......................................................
@@@@@@@@@@.....@@@@@@@@@@@@@@@@@@@@@@@@........................................................................@@@@@@@....................@@@@@@@..........@@@@@@@...........@@@@@@@@@@@@@@@@@@@@@@@@@@@@.......................................................
@@@@@@..........@@@@@@@@@@@@@@@@@@@@@@@@.......................................................................@@@@@@@....................@@@@@@@...........@@@@@@......@@@@@@@@@@@@@@@@@@@@@@@@@@@@@@@@@.......................................................
................@@@@@@@@@@@@@@@@@@@@@@@@.......................................................................@@@@@@@@....................@@@@@@...........@@@@@@..@@@@@@@@@@@@@@@@@@@@@@@@@@@@@@@@@...........................................................
................@@@@@@@@@@@@@@@@@@@@@@@@.......................................................................@@@@@@@@....................@@@@@@...........@@@@@@@@@@@@@@@@@@@@@@@@@@@@@@...@@.................................................................
................@@@@@@@@@@@@@@@@@@@@@@@@.......................................................................@@@@@@@@....................@@@@@@...........@@@@@@@@@@@@@@@@@@@@@@@@@@..........................................................................
................@@@@@@@@@@@@@@@@@@@@@@@@........................................................................@@@@@@@.....................@@@@@@............@@@@@@@@@@@@@@@@@@@@............................................................................@@
.................@@@@@@@@@@@@@@@@@@@@@@@@.......................................................................@@@@@@@.....................@@@@@@............@@@@@@@@@@@@@@@@...........................................................................@@@@@@@
.................@@@@@@@@@@@@@@@@@@@@@@@@.......................................................................@@@@@@@@...................@@@@@@@.............@@@@@@@@@@@@@........................................................................@@@@@@@@@@@@
...........@@....@@@@@@@@@@@@@@@@@@@@@@@@........................................................................@@@@@@@...............@@@@@@@@................@@@@@@@@@....................................................................@@.@@@@@@@@@@@@@@@@@
.........@@@@....@@@@@@@@@@@@@@@@@@@@@@@@........................................................................@@@@@@@.............@@@@@@@@@@................@@@.....................................................................@@@@@@@@@@@@@@@@@@@@@@@@@
.........@@@@@...@@@@@@@@@@@@@@@@@@@@@@@@@........................................................................@@@@@@.............@@@@@@@@@@@...........................................................................@@@@......@@@@@@@@@@@@@@@@@@@@@@@@@@@
..........@@@@....@@@@@@@@@@@@@@@@@@@@@@@@........................................................................@@@@@@.............@@@@@@@@@@@.......................................................................@@@@@@@@......@@@@@@@@@@@@@@@@@@@@@@@@@@@
..........@@@@....@@@@@@@@@@@@@@@@@@@@@@@@........................................................................@@@@@@@.............@@@@@@@@@@.......................................................................@@@@@@@@.......@@@@@@@@@@@@@@@@@@@@@@@...
..........@@@@....@@@@@@@@@@@@@@.@@@@@@@@@........................................................................@@@@@@@.............@@@@@@@..........................................................................@@@@@@@@@......@@@@@@@@@@@@@@@@@@........
..........@@@@@...@@@@@@@@@...@@@@@@@@@@@@.........................................................................@@@@@@.............@@@...............................................................................@@@@@@@@......@@@@@@@@@@@@@.............
...........@@@@....@@@........@@@@@@@@@@@@@........................................................................@@@@@@@............................................................................@@@...............@@@@@@@@......@@@@@@@@@.................
...........@@@@...............@@@@@@@@@@@@@........................................................................@@@@@@@.......................................................................@@@@@@@@...............@@@@@@@@.......@@@@@@@..................
...........@@@@................@@@@@@@@@@@@.........................................................................@@@@@@..................................................................@@@@@@@@@@@@@...............@@@@@@@@@......@.@@@....................
...........@@@@@...............@@@@@@@@@@@@.........................................................................@@................................................................@@@@@@@@@@@@@@@@@@@@...............@@@@@@@@...............................
@...........@@@@...............@@@@@@@@@@@@..........................@@@.........................................................................................................@@@@@@@@@@@@@@@@@@@@@@@@@...............@@@@@@@@...............................
@...........@@@@...............@@@@@@@@@@@@@.....................@@@@@@@......................................................................................................@@@@@@@@@@@@@@@@@@@@@@@@@@@@...............@@@@@@@@..............................@
@...........@@@@...............@@@@@@@@@@@@@...................@@@@@@@@@......................................................................................................@@@@@@@@@@@@@@@@@@@@@@@@@@@@...............@@@@@@@@@............@@@..........@@@@@
@@..........@@@@@..............@@@@@@@@@@@@@...................@@@@@@@@@@.....................................................................................................@@@@@@@@@@@@@@@@@@@@@@@@@@@@................@@@@@@@@.........@@@@@@......@@@@@@@@@
@@...........@@@@..@@@..........@@@@@@@@@@@@...................@@@@@@@@@@.....................................................................................................@@@@@@@@@@@@@@@@@@@@@@@@@@@@@...............@@@@@@@@........@@@@@@@...@@@@@@@@@@@@
@............@@@@@@@@@..........@@@@@@@@@@@@....................@@@@@@@@@......................................................................................................@@@@@@@@@@@@@@@@@..@@@@@@@@@...............@@@@@@@@........@@@@@@@...@@@@@@@@@@@@
@@........@@@@@@@@@@@@..........@@@..@@@@@@@@...................@@@@@..........................................................................................................@@@@@@@@@@@@.......@@@@@@@@@...............@@@@@@@@@........@@@@@@...@@@@@@@@@@@@
@@........@@@@@@.@@@@@..............@@@@@@@@@..................................................................................................................................@@@@@@@@............@@@@@@@@................@@@@@@@@........@@@@@@@...@@@@@@@@@@@
@@.........@@@...@@@@@............@@@@@@@@@@@..................................................................................................................................@@@.................@@@@@@@@................@@@@@@..........@@@@@@@...@@@@@@@@@@@
.................@@@@@...@@@@@@@@@@@@@@@@@@@@......................................................................................................................................................@@@@@@@@@...............@@..............@@@@@@@...@@@@@@@....
.@@@.............@@@@@..@@@@@@@@@@@@@@@@@@@@@......................................................................................................................................................@@@@@@@@@...............................@@@@@@@..............
@@@@..............@@@@@@@@@@@@@@@@@@@@@@@@@@@@.....................................................................................................................................................@@@@@@@@@................................@@@@@@..............
@@@@..........@@@@@@@@@@@@@@@@@@@@@@@@@@@@@@@@.....................................................................................................................................................@@@@@@@@@................................@@@@@@@.............
@@@@@.......@@@@@@@@@@@@@@@@@@@@@@@@@@@@@@@@@@......................................................................................................................................................@@@@@@@@................................@@@@@@@.............
@@@@@......@@@@@@@@@@@@@@@@@@@@@@@@@@@@@@@@.........................................................................................................................................................@@@@@@@@.................................@@@@@@.............
@@@@@...@@@@@@@@@@@@@@@@@@@@@@@@@@@@@...............................................................................................................................................................@@@@@@@@@................................@@@@@@.............
@@@@@@@@@@@@@@@@@@@@@@@@@@@@@@@@....................................................................................................................................................................@@@@@@@@@................................@@@@@@.............
@@@@@@@@@@@@@@@@@@@@@@@@@@@@@.......................................................................................................................................................................@@@@@@@@@................................@@@@@@.............
@@@@@@@@@@@@@@@@@@@@.................................................................................................................................................................................@@@@@@@@................................@@@@@@@............
@@@@@@@@@@@@@@@@@....................................................@@@.............................................................................................................................@@@@@@@@.................................@@@@@@............
@@@@@@@@@@@@@....................................................@@@@@@@.............................................................................................................................@@@@@@@@@................................@@................
@@@@@@@@....................................................@@@@@@@@@@@@.............................................................................................................................@@@@@@@@@...................@@@............................
@@@.....................................................@@@@@@@@@@@@@@@@@............................................................................................................................@@@@@@@@@.................@@@@@.@@@..........@@@...........
.....................................................@@@@@@@@@@@@@@@@@@@@............................................................................................................................@@@@@@@@@................@@@@@@@@@@.......@@@@@@...........
.....................................................@@@@@@@@@@@@@@@@@@@@.............................................................................................................................@@@@@@@@..............@@@@@@@@@@@@@@....@@@@@@@...........
.....................................@@@.............@@@@@@@@@@@@@@@@@@@@@@@@.........................................................................................................................@@@@@@@@@.............@@@@@@@@@@@@@@....@@@@@@@...........
.................................@@@@@@@..............@@@@@@@@@@@@@@@..@@@@@@........................................................................................................................@@@@@@@@@@.............@@@@@@@@@@@@@......@@@@@@...........
.............................@@@@@@@@@@@@.....@@......@@@@@@@@@........@@@@@@....................................................................................................................@@@@@@@@@@@@@@.............@@@@@@@@@@@@@......@@@@@@...........
.........................@@@@@@@@@@@@@@@@@@@@@@@......@@@..............@@@@@@..................................................................................................................@@@@@@@@@@@@@@@@..............@@@@@@@@@@@@......@@@@@@@..........
...................@@..@@@@@@@@@@@@@@@@@@@@@@@@@.......................@@@@@@..................................................................................................................@@@@@@@@@@@@@@@@..............@@@@@@@@@@.........@@@@@@.......@@@
...............@@@@@@..@@@@@@@@@@@@@@@@@@@@@@@@@.......................@@@@@@@..................................................................................................................@@@@@@@@@@@@@@@@.............@@@@@@@@@..........@@........@@@@@@
.........@@@@@@@@@@@@..@@@@@@@@@@@@@@@@@@@@@@@@@.......................@@@@@@@..................................................................................................................@@@@@@@@@@@@@@@@.............@@.@@@@@@....................@@@@@@
.....@@@@@@@@@@@@@@@@@..@@@@@@@@@@@@@@...@@@@@@@.......................@@@@@@@..................................................................................................................@@@@@@@@@@@@@@@@................@@@@@@..............@@@...@@@@@@
...@@@@@@@@@@@@@@@@@@@..@@@@@@@@@........@@@@@@@.......................@@@@@@@..................................................................................................................@@@@@@@@@@@@@@@@..................@@@@..........@@@@@@@...@@@@@@
...@@@@@@@@@@@@@@@@@@@..@@@..............@@@@@@@.......................@@@@@@@...................................................................................................................@@@@@@@@@@@@@@@..................@@@@..........@@@@@@@....@@@@@
...@@@@@@@@@@@@@@@@@@@....................@@@@@@........................@@@@@@...................................................................................................................@@@@@@@@@@@@@@@.................................@@@@@@....@@@@@
...@@@@@@@@@@@@@@@@.......................@@@@@@........................@@@@@@...................................................................................................................@@@@@@@@@@@@....................................@@@@@@@...@@@@@
...@@@@@@@@@@@@...........................@@@@@@@.......................@@@@@@...................................................................................................................@@@@@@@.........................................@@@@@@@........
...@@@@@@@@...........@@@@................@@@@@@@.......................@@@@@@...................................................................................................................@@@..............................................@@@@@@........
....@@@@@@@........@@@@@@@................@@@@@@@.......................@@@@@@@...................................................................................................................................................................@@@@..........
....@@@@@@@@.......@@@@@@@@...............@@@@@@@.......................@@@@@@@.................................................................................................................................................................................
....@@@@@@@@.......@@@@@@@@...............@@@@@@@.......................@@@@@@@.................................................................................................................................................................................
....@@@@@@@@......@@@@....................@@@@@@@.......................@@@@@@@.................................................................................................................................................................................
.....@@@@@@@......@@@@.....................@@@@@@.......................@@@@@@@@@...............................................................................................................................................................................
.....@@@@@@@...............................@@@@@@.......................@@@@@@@@@.............................................................................................................................................................................@@
.....@@@@@@@@..............................@@@@@@.........................@@@@@@@.............................................................................................................................................................................@@
.....@@@@@@@@....@@@@@@....................@@@@@@@........................@@@@@@@................................................................................................................................................................@@@..........@@
......@@@@@@@..@@@@@@@@@....................@@@@@@........................@@@@@@@........................................................................................................................................................@@@.@@@@@@@..........@@
......@@@@@@@@@@@@@@@@@@....................@@@@@@.........................@@@@@@@.....................................................................................................................................................@@@@@@@@@@@@@...........@
......@@@@@@@@@@@...........................@@@@@@.........................@@@@@@@.................................................................................................................................................@@@@@@@@@@@@@@@@@@..........@
......@@@@@@@@@.............................@@@@@@@........................@@@@@@@.........@@@@@@@...............................................................................................................................@@@@@@@@@@@@@@@@@@@@..........@
........@@@@@@@..............................@@@@@@........................@@@@@@@..@@@@@@@@@@@@@@...............................................................................................................................@@@@@@@@@@@@@@@@@@@@..........@
........@@@@@@@..............................@@@@@@........................@@@@@@@..@@@@@@@@@@@@@@................................................................................................................................@@@@@@@@@@@@@@@@@@@..........@
........@@@@@@@@@............................@@@@@@.......@@@@@@@@@........@@@@@@@..@@@@@@@@@@@@@@...............................................................................................................................@@@@@@@@@@@@@@@@@@@@...........
........@@@@@@@@@............................@@@@@@@@@@@@@@@@@@@@@@........@@@@@@@..@@@@@@@......................................................................................................................................@@@@@@@@@@@@@@@@@@@@...........
.........@@@@@@.....................@@@@@@@@@@@@@@@@@@@@@@@@@@@@@@@........@@@@@@@................................................................................................................................................@@@@@@@@@@@@@@@@@@@...........
.........@@@@@@@............@@@@@@@@@@@@@@@@@@@@@@@@@@@@@@@@@@.............@@@@@@@................................................................................................................................................@@@@@@@@@@@@@@@@@@@...........
.........@@@@@@@@@@@@@@@@@@@@@@@@@@@@@@@@@@@@@@@@@@@@@.....................@@@@@@@...........@@@@@@@...............................................................................................................................@@@@@@@@@@@@@@@..............
.........@@@@@@@@@@@@@@@@@@@@@@@@@@@@@@@@@@@@@@@@@..........................@@@@@@@...@@@@@@@@@@@@@@...............................................................................................................................@@@@@@@@@....................
.........@@@@@@@@@@@@@@@@@@@@@@@@@@@@@@@@@@@@...............................@@@@@@@...@@@@@@@@@@@@@@...............................................................................................................................@@@..........................
.........@@@@@@@@@@@@@@@@@@@@@@...............................@@@@@.........@@@@@@@...@@@@@@@@@@@@@@..........................................................................................................................................................@@
.........@@@@@@@.....................................@@@@@@@@@@@@@@.........@@@@@@@...@@@@@@@@@@@@@@..........................................................................................................................................................@@
..........@@@@@@@...........................@@@@@@@@@@@@@@@@@@@@@@@@........@@@@@@@...........@@@@@@..........................................................................................................................................................@@
..........@@@@@@@.............@@@@@@@@@@@@@@@@@@@@@@@@@@@@@@@@@@@@@@..........................@@@..............................................................................................................................................................@
..........@@@@........@@@@@@@@@@@@@@@@@@@@@@@@@@@@@@@@@@@@@@@@@................................................................................................................................................................................................@
...........@@@@@@.@@@@@@@@@@@@@@@@@@@@@@@@@@@@@@@@@.@@@@@@@....................................................................................................................................................................................................@
...........@@@@@@@@@@@@@@@@@@@@@@@@@@@@@@@@..@@@@...@@@@@@@................................@@@.................................................................................................................................................................@
...........@@@@@@@@@@@@@@@@@@@@@@@@@@@@@@....@@@@....@@@@@@@..........................@@@@@@@@@@@..............................................................................................................................................................@
...........@@@@@@@@@@@.....@@@@@@@@@@@@@@.....@@@@...@@@@@@@..........................@@@@@@@@@@@..............................................................................................................................................................@
...........@@@@@@@@@@@.....@@@@@@@@.@@........@@@@...@@@@@@@..........................@@@@@@@@@@@...............................................................................................................................................................